{
  "useLongTest" : [ {
    "value" : 10
  } ],
  "testUseLong" : [ {
    "value" : 10
  } ]
}